2025-07-26 08:07:57,743 [Worker-4: Loading available Gradle versions] INFO  o.e.b.c.i.u.g.PublishedGradleVersions - Gradle version information cache is out-of-date. Trying to update.
2025-07-29 07:16:55,542 [Worker-7: Loading available Gradle versions] INFO  o.e.b.c.i.u.g.PublishedGradleVersions - Gradle version information cache is up-to-date. Trying to read.
2025-07-30 08:11:51,085 [Worker-16: Loading available Gradle versions] INFO  o.e.b.c.i.u.g.PublishedGradleVersions - Gradle version information cache is up-to-date. Trying to read.
2025-07-31 07:12:25,090 [Worker-0: Loading available Gradle versions] INFO  o.e.b.c.i.u.g.PublishedGradleVersions - Gradle version information cache is out-of-date. Trying to update.
2025-08-01 07:11:11,516 [Worker-9: Loading available Gradle versions] INFO  o.e.b.c.i.u.g.PublishedGradleVersions - Gradle version information cache is up-to-date. Trying to read.
2025-08-05 07:50:46,640 [Worker-13: Loading available Gradle versions] INFO  o.e.b.c.i.u.g.PublishedGradleVersions - Gradle version information cache is up-to-date. Trying to read.
2025-08-06 07:16:43,119 [Worker-10: Loading available Gradle versions] INFO  o.e.b.c.i.u.g.PublishedGradleVersions - Gradle version information cache is up-to-date. Trying to read.
2025-08-07 07:29:18,207 [Worker-15: Loading available Gradle versions] INFO  o.e.b.c.i.u.g.PublishedGradleVersions - Gradle version information cache is out-of-date. Trying to update.
2025-08-08 07:29:23,751 [Worker-0: Loading available Gradle versions] INFO  o.e.b.c.i.u.g.PublishedGradleVersions - Gradle version information cache is out-of-date. Trying to update.
2025-08-10 07:34:38,879 [Worker-1: Loading available Gradle versions] INFO  o.e.b.c.i.u.g.PublishedGradleVersions - Gradle version information cache is up-to-date. Trying to read.
2025-08-12 08:43:53,576 [Worker-9: Loading available Gradle versions] INFO  o.e.b.c.i.u.g.PublishedGradleVersions - Gradle version information cache is up-to-date. Trying to read.
2025-08-14 07:09:41,992 [Worker-1: Loading available Gradle versions] INFO  o.e.b.c.i.u.g.PublishedGradleVersions - Gradle version information cache is out-of-date. Trying to update.
2025-08-17 07:14:52,942 [Worker-1: Loading available Gradle versions] INFO  o.e.b.c.i.u.g.PublishedGradleVersions - Gradle version information cache is out-of-date. Trying to update.
2025-08-19 07:29:24,417 [Worker-9: Loading available Gradle versions] INFO  o.e.b.c.i.u.g.PublishedGradleVersions - Gradle version information cache is up-to-date. Trying to read.
2025-08-20 07:26:46,643 [Worker-8: Loading available Gradle versions] INFO  o.e.b.c.i.u.g.PublishedGradleVersions - Gradle version information cache is up-to-date. Trying to read.
2025-08-23 07:27:26,620 [Worker-11: Loading available Gradle versions] INFO  o.e.b.c.i.u.g.PublishedGradleVersions - Gradle version information cache is up-to-date. Trying to read.
2025-08-26 07:37:44,784 [Worker-12: Loading available Gradle versions] INFO  o.e.b.c.i.u.g.PublishedGradleVersions - Gradle version information cache is up-to-date. Trying to read.
2025-08-29 07:11:08,324 [Worker-10: Loading available Gradle versions] INFO  o.e.b.c.i.u.g.PublishedGradleVersions - Gradle version information cache is up-to-date. Trying to read.
2025-08-30 07:09:07,145 [Worker-1: Loading available Gradle versions] INFO  o.e.b.c.i.u.g.PublishedGradleVersions - Gradle version information cache is out-of-date. Trying to update.
2025-09-01 07:11:16,505 [Worker-0: Loading available Gradle versions] INFO  o.e.b.c.i.u.g.PublishedGradleVersions - Gradle version information cache is out-of-date. Trying to update.
2025-09-05 07:15:19,078 [Worker-6: Loading available Gradle versions] INFO  o.e.b.c.i.u.g.PublishedGradleVersions - Gradle version information cache is out-of-date. Trying to update.
2025-09-09 07:11:58,258 [Worker-8: Loading available Gradle versions] INFO  o.e.b.c.i.u.g.PublishedGradleVersions - Gradle version information cache is up-to-date. Trying to read.
2025-09-09 21:43:38,987 [Worker-8: Loading available Gradle versions] INFO  o.e.b.c.i.u.g.PublishedGradleVersions - Gradle version information cache is out-of-date. Trying to update.
2025-09-11 07:08:21,170 [Worker-4: Loading available Gradle versions] INFO  o.e.b.c.i.u.g.PublishedGradleVersions - Gradle version information cache is out-of-date. Trying to update.
2025-09-12 07:07:51,973 [Worker-1: Loading available Gradle versions] INFO  o.e.b.c.i.u.g.PublishedGradleVersions - Gradle version information cache is up-to-date. Trying to read.
2025-09-13 07:42:16,164 [Worker-1: Loading available Gradle versions] INFO  o.e.b.c.i.u.g.PublishedGradleVersions - Gradle version information cache is up-to-date. Trying to read.
2025-09-14 07:24:55,278 [Worker-4: Loading available Gradle versions] INFO  o.e.b.c.i.u.g.PublishedGradleVersions - Gradle version information cache is out-of-date. Trying to update.
2025-09-15 07:27:09,698 [Worker-11: Loading available Gradle versions] INFO  o.e.b.c.i.u.g.PublishedGradleVersions - Gradle version information cache is out-of-date. Trying to update.
2025-09-16 07:09:35,940 [Worker-6: Loading available Gradle versions] INFO  o.e.b.c.i.u.g.PublishedGradleVersions - Gradle version information cache is up-to-date. Trying to read.
2025-09-18 07:07:48,226 [Worker-9: Loading available Gradle versions] INFO  o.e.b.c.i.u.g.PublishedGradleVersions - Gradle version information cache is up-to-date. Trying to read.
2025-09-19 07:36:45,334 [Worker-10: Loading available Gradle versions] INFO  o.e.b.c.i.u.g.PublishedGradleVersions - Gradle version information cache is up-to-date. Trying to read.
2025-09-20 07:06:52,475 [Worker-0: Loading available Gradle versions] INFO  o.e.b.c.i.u.g.PublishedGradleVersions - Gradle version information cache is out-of-date. Trying to update.
2025-09-23 07:26:01,318 [Worker-10: Loading available Gradle versions] INFO  o.e.b.c.i.u.g.PublishedGradleVersions - Gradle version information cache is out-of-date. Trying to update.
2025-09-24 07:12:02,598 [Worker-11: Loading available Gradle versions] INFO  o.e.b.c.i.u.g.PublishedGradleVersions - Gradle version information cache is up-to-date. Trying to read.
2025-09-25 07:17:06,039 [Worker-14: Loading available Gradle versions] INFO  o.e.b.c.i.u.g.PublishedGradleVersions - Gradle version information cache is up-to-date. Trying to read.
2025-09-25 21:10:34,612 [Worker-4: Loading available Gradle versions] INFO  o.e.b.c.i.u.g.PublishedGradleVersions - Gradle version information cache is out-of-date. Trying to update.
2025-09-27 07:21:02,875 [Worker-10: Loading available Gradle versions] INFO  o.e.b.c.i.u.g.PublishedGradleVersions - Gradle version information cache is out-of-date. Trying to update.
2025-09-27 07:22:14,225 [Worker-11: Creating maven-archetype-quickstart] INFO  o.e.m.c.i.p.ProjectConfigurationManager - Collecting project info '/pom.xml' D:\AViIT\Demos\Selenium_12\MyMavenProject\pom.xml
2025-09-27 07:22:16,571 [Worker-11: Creating maven-archetype-quickstart] INFO  o.e.m.c.i.l.LifecycleMappingFactory - Using org.eclipse.m2e.jdt.JarLifecycleMapping lifecycle mapping for MavenProject: MyMavenProject:MyMavenProject:0.0.1-SNAPSHOT @ D:\AViIT\Demos\Selenium_12\MyMavenProject\pom.xml.
2025-09-27 07:22:17,122 [Worker-11: Creating maven-archetype-quickstart] INFO  o.e.m.j.i.AbstractJavaProjectConfigurator - Adding source folder /MyMavenProject/src/main/java
2025-09-27 07:22:17,127 [Worker-11: Creating maven-archetype-quickstart] INFO  o.e.m.j.i.AbstractJavaProjectConfigurator - Adding source folder /MyMavenProject/src/test/java
2025-09-27 07:22:17,364 [Worker-11: Creating maven-archetype-quickstart] INFO  o.e.m.c.i.p.ProjectConfigurationManager - Imported and configured 1 project(s) in 3 sec
2025-09-27 07:22:22,041 [Worker-11: Building] INFO  o.a.m.s.f.DefaultMavenResourcesFiltering - skip non existing resourceDirectory D:\AViIT\Demos\Selenium_12\MyMavenProject\src\main\resources
2025-09-27 07:22:22,045 [Worker-11: Building] INFO  o.a.m.s.f.DefaultMavenResourcesFiltering - skip non existing resourceDirectory D:\AViIT\Demos\Selenium_12\MyMavenProject\src\test\resources
2025-09-27 07:26:51,046 [Worker-16: Building] INFO  o.a.m.s.f.DefaultMavenResourcesFiltering - skip non existing resourceDirectory D:\AViIT\Demos\Selenium_12\MyMavenProject\src\main\resources
2025-09-27 07:26:51,054 [Worker-16: Building] INFO  o.a.m.s.f.DefaultMavenResourcesFiltering - skip non existing resourceDirectory D:\AViIT\Demos\Selenium_12\MyMavenProject\src\test\resources
2025-09-27 07:28:33,303 [Worker-16: Creating project "MyMavenProjectWithoutArcheType"] INFO  o.e.m.c.i.l.LifecycleMappingFactory - Using org.eclipse.m2e.jdt.JarLifecycleMapping lifecycle mapping for MavenProject: MyMavenProjectWithoutArcheType:MyMavenProjectWithoutArcheType:0.0.1-SNAPSHOT @ D:\AViIT\Demos\Selenium_12\MyMavenProjectWithoutArcheType\pom.xml.
2025-09-27 07:28:33,501 [Worker-16: Creating project "MyMavenProjectWithoutArcheType"] INFO  o.e.m.j.i.AbstractJavaProjectConfigurator - Adding source folder /MyMavenProjectWithoutArcheType/src/main/java
2025-09-27 07:28:33,501 [Worker-16: Creating project "MyMavenProjectWithoutArcheType"] INFO  o.e.m.j.i.AbstractJavaProjectConfigurator - Adding resource folder /MyMavenProjectWithoutArcheType/src/main/resources
2025-09-27 07:28:33,502 [Worker-16: Creating project "MyMavenProjectWithoutArcheType"] INFO  o.e.m.j.i.AbstractJavaProjectConfigurator - Adding source folder /MyMavenProjectWithoutArcheType/src/test/java
2025-09-27 07:28:33,503 [Worker-16: Creating project "MyMavenProjectWithoutArcheType"] INFO  o.e.m.j.i.AbstractJavaProjectConfigurator - Adding resource folder /MyMavenProjectWithoutArcheType/src/test/resources
2025-09-27 07:28:33,854 [Worker-14: Building] WARN  o.e.m.c.i.embedder.EclipseLogger - Using platform encoding (Cp1252 actually) to copy filtered resources, i.e. build is platform dependent!
2025-09-27 07:28:33,859 [Worker-14: Building] INFO  o.e.m.c.i.embedder.EclipseLogger - Copying 0 resource
2025-09-27 07:28:33,862 [Worker-14: Building] WARN  o.e.m.c.i.embedder.EclipseLogger - Using platform encoding (Cp1252 actually) to copy filtered resources, i.e. build is platform dependent!
2025-09-27 07:28:33,863 [Worker-14: Building] INFO  o.e.m.c.i.embedder.EclipseLogger - Copying 0 resource
2025-09-27 07:29:48,450 [Worker-11: Building] INFO  o.a.m.s.f.DefaultMavenResourcesFiltering - skip non existing resourceDirectory D:\AViIT\Demos\Selenium_12\MyMavenProject\src\main\resources
2025-09-27 07:29:48,454 [Worker-11: Building] INFO  o.a.m.s.f.DefaultMavenResourcesFiltering - skip non existing resourceDirectory D:\AViIT\Demos\Selenium_12\MyMavenProject\src\test\resources
2025-09-27 07:30:13,980 [Worker-16: Building] INFO  o.a.m.s.f.DefaultMavenResourcesFiltering - skip non existing resourceDirectory D:\AViIT\Demos\Selenium_12\MyMavenProject\src\main\resources
2025-09-27 07:30:13,982 [Worker-16: Building] INFO  o.a.m.s.f.DefaultMavenResourcesFiltering - skip non existing resourceDirectory D:\AViIT\Demos\Selenium_12\MyMavenProject\src\test\resources
2025-09-27 07:30:28,205 [Worker-16: Building] INFO  o.a.m.s.f.DefaultMavenResourcesFiltering - skip non existing resourceDirectory D:\AViIT\Demos\Selenium_12\MyMavenProject\src\main\resources
2025-09-27 07:30:28,206 [Worker-16: Building] INFO  o.a.m.s.f.DefaultMavenResourcesFiltering - skip non existing resourceDirectory D:\AViIT\Demos\Selenium_12\MyMavenProject\src\test\resources
2025-09-27 07:43:58,373 [Worker-17: Building] INFO  o.e.m.c.i.l.LifecycleMappingFactory - Using org.eclipse.m2e.jdt.JarLifecycleMapping lifecycle mapping for MavenProject: MyMavenProject:MyMavenProject:0.0.1-SNAPSHOT @ D:\AViIT\Demos\Selenium_12\MyMavenProject\pom.xml.
2025-09-27 07:43:59,175 [Worker-17: Building] INFO  o.a.m.s.f.DefaultMavenResourcesFiltering - skip non existing resourceDirectory D:\AViIT\Demos\Selenium_12\MyMavenProject\src\main\resources
2025-09-27 07:43:59,180 [Worker-17: Building] INFO  o.a.m.s.f.DefaultMavenResourcesFiltering - skip non existing resourceDirectory D:\AViIT\Demos\Selenium_12\MyMavenProject\src\test\resources
2025-09-27 07:44:01,358 [Worker-21: Building] INFO  o.a.m.s.f.DefaultMavenResourcesFiltering - skip non existing resourceDirectory D:\AViIT\Demos\Selenium_12\MyMavenProject\src\main\resources
2025-09-27 07:44:01,363 [Worker-21: Building] INFO  o.a.m.s.f.DefaultMavenResourcesFiltering - skip non existing resourceDirectory D:\AViIT\Demos\Selenium_12\MyMavenProject\src\test\resources
2025-09-27 07:46:05,466 [Worker-18: Building] INFO  o.a.m.s.f.DefaultMavenResourcesFiltering - skip non existing resourceDirectory D:\AViIT\Demos\Selenium_12\MyMavenProject\src\main\resources
2025-09-27 07:46:05,469 [Worker-18: Building] INFO  o.a.m.s.f.DefaultMavenResourcesFiltering - skip non existing resourceDirectory D:\AViIT\Demos\Selenium_12\MyMavenProject\src\test\resources
2025-09-27 07:50:29,854 [Worker-26: Building] INFO  o.e.m.c.i.l.LifecycleMappingFactory - Using org.eclipse.m2e.jdt.JarLifecycleMapping lifecycle mapping for MavenProject: MyMavenProject:MyMavenProject:0.0.1-SNAPSHOT @ D:\AViIT\Demos\Selenium_12\MyMavenProject\pom.xml.
2025-09-27 07:50:30,524 [Worker-26: Building] INFO  o.a.m.s.f.DefaultMavenResourcesFiltering - skip non existing resourceDirectory D:\AViIT\Demos\Selenium_12\MyMavenProject\src\main\resources
2025-09-27 07:50:30,528 [Worker-26: Building] INFO  o.a.m.s.f.DefaultMavenResourcesFiltering - skip non existing resourceDirectory D:\AViIT\Demos\Selenium_12\MyMavenProject\src\test\resources
2025-09-27 07:50:32,477 [Worker-27: Building] INFO  o.a.m.s.f.DefaultMavenResourcesFiltering - skip non existing resourceDirectory D:\AViIT\Demos\Selenium_12\MyMavenProject\src\main\resources
2025-09-27 07:50:32,480 [Worker-27: Building] INFO  o.a.m.s.f.DefaultMavenResourcesFiltering - skip non existing resourceDirectory D:\AViIT\Demos\Selenium_12\MyMavenProject\src\test\resources
2025-09-27 07:53:54,515 [Worker-17: Building] INFO  o.a.m.s.f.DefaultMavenResourcesFiltering - skip non existing resourceDirectory D:\AViIT\Demos\Selenium_12\MyMavenProject\src\main\resources
2025-09-27 07:53:54,516 [Worker-17: Building] INFO  o.a.m.s.f.DefaultMavenResourcesFiltering - skip non existing resourceDirectory D:\AViIT\Demos\Selenium_12\MyMavenProject\src\test\resources
2025-09-27 07:55:39,887 [Worker-30: Building] INFO  o.e.m.c.i.l.LifecycleMappingFactory - Using org.eclipse.m2e.jdt.JarLifecycleMapping lifecycle mapping for MavenProject: MyMavenProject:MyMavenProject:0.0.1-SNAPSHOT @ D:\AViIT\Demos\Selenium_12\MyMavenProject\pom.xml.
2025-09-27 07:55:40,358 [Worker-30: Building] INFO  o.a.m.s.f.DefaultMavenResourcesFiltering - skip non existing resourceDirectory D:\AViIT\Demos\Selenium_12\MyMavenProject\src\main\resources
2025-09-27 07:55:40,361 [Worker-30: Building] INFO  o.a.m.s.f.DefaultMavenResourcesFiltering - skip non existing resourceDirectory D:\AViIT\Demos\Selenium_12\MyMavenProject\src\test\resources
2025-09-27 07:55:42,271 [Worker-17: Building] INFO  o.a.m.s.f.DefaultMavenResourcesFiltering - skip non existing resourceDirectory D:\AViIT\Demos\Selenium_12\MyMavenProject\src\main\resources
2025-09-27 07:55:42,281 [Worker-17: Building] INFO  o.a.m.s.f.DefaultMavenResourcesFiltering - skip non existing resourceDirectory D:\AViIT\Demos\Selenium_12\MyMavenProject\src\test\resources
2025-09-27 07:57:06,386 [Worker-25: Building] INFO  o.a.m.s.f.DefaultMavenResourcesFiltering - skip non existing resourceDirectory D:\AViIT\Demos\Selenium_12\MyMavenProject\src\main\resources
2025-09-27 07:57:06,388 [Worker-25: Building] INFO  o.a.m.s.f.DefaultMavenResourcesFiltering - skip non existing resourceDirectory D:\AViIT\Demos\Selenium_12\MyMavenProject\src\test\resources
2025-09-27 08:10:42,352 [Worker-34: Building] INFO  o.e.m.c.i.l.LifecycleMappingFactory - Using org.eclipse.m2e.jdt.JarLifecycleMapping lifecycle mapping for MavenProject: MyMavenProject:MyMavenProject:0.0.1-SNAPSHOT @ D:\AViIT\Demos\Selenium_12\MyMavenProject\pom.xml.
2025-09-27 08:10:43,232 [Worker-34: Building] INFO  o.a.m.s.f.DefaultMavenResourcesFiltering - skip non existing resourceDirectory D:\AViIT\Demos\Selenium_12\MyMavenProject\src\main\resources
2025-09-27 08:10:43,234 [Worker-34: Building] INFO  o.a.m.s.f.DefaultMavenResourcesFiltering - skip non existing resourceDirectory D:\AViIT\Demos\Selenium_12\MyMavenProject\src\test\resources
2025-09-27 08:10:45,442 [Worker-33: Building] INFO  o.a.m.s.f.DefaultMavenResourcesFiltering - skip non existing resourceDirectory D:\AViIT\Demos\Selenium_12\MyMavenProject\src\main\resources
2025-09-27 08:10:45,443 [Worker-33: Building] INFO  o.a.m.s.f.DefaultMavenResourcesFiltering - skip non existing resourceDirectory D:\AViIT\Demos\Selenium_12\MyMavenProject\src\test\resources
2025-09-27 08:11:38,227 [Worker-33: Building] INFO  o.a.m.s.f.DefaultMavenResourcesFiltering - skip non existing resourceDirectory D:\AViIT\Demos\Selenium_12\MyMavenProject\src\main\resources
2025-09-27 08:11:38,230 [Worker-33: Building] INFO  o.a.m.s.f.DefaultMavenResourcesFiltering - skip non existing resourceDirectory D:\AViIT\Demos\Selenium_12\MyMavenProject\src\test\resources
2025-09-27 08:16:15,495 [Worker-33: Building] INFO  o.a.m.s.f.DefaultMavenResourcesFiltering - skip non existing resourceDirectory D:\AViIT\Demos\Selenium_12\MyMavenProject\src\main\resources
2025-09-27 08:16:15,496 [Worker-33: Building] INFO  o.a.m.s.f.DefaultMavenResourcesFiltering - skip non existing resourceDirectory D:\AViIT\Demos\Selenium_12\MyMavenProject\src\test\resources
2025-09-27 08:16:33,488 [Worker-33: Building] INFO  o.a.m.s.f.DefaultMavenResourcesFiltering - skip non existing resourceDirectory D:\AViIT\Demos\Selenium_12\MyMavenProject\src\main\resources
2025-09-27 08:16:33,489 [Worker-33: Building] INFO  o.a.m.s.f.DefaultMavenResourcesFiltering - skip non existing resourceDirectory D:\AViIT\Demos\Selenium_12\MyMavenProject\src\test\resources
2025-09-27 08:16:53,241 [Worker-31: Building] INFO  o.a.m.s.f.DefaultMavenResourcesFiltering - skip non existing resourceDirectory D:\AViIT\Demos\Selenium_12\MyMavenProject\src\main\resources
2025-09-27 08:16:53,243 [Worker-31: Building] INFO  o.a.m.s.f.DefaultMavenResourcesFiltering - skip non existing resourceDirectory D:\AViIT\Demos\Selenium_12\MyMavenProject\src\test\resources
2025-09-27 08:17:05,396 [Worker-31: Building] INFO  o.a.m.s.f.DefaultMavenResourcesFiltering - skip non existing resourceDirectory D:\AViIT\Demos\Selenium_12\MyMavenProject\src\main\resources
2025-09-27 08:17:05,398 [Worker-31: Building] INFO  o.a.m.s.f.DefaultMavenResourcesFiltering - skip non existing resourceDirectory D:\AViIT\Demos\Selenium_12\MyMavenProject\src\test\resources
2025-09-27 08:17:37,387 [Worker-35: Building] INFO  o.a.m.s.f.DefaultMavenResourcesFiltering - skip non existing resourceDirectory D:\AViIT\Demos\Selenium_12\MyMavenProject\src\main\resources
2025-09-27 08:17:37,389 [Worker-35: Building] INFO  o.a.m.s.f.DefaultMavenResourcesFiltering - skip non existing resourceDirectory D:\AViIT\Demos\Selenium_12\MyMavenProject\src\test\resources
2025-09-27 08:28:27,486 [Worker-35: Building] INFO  o.a.m.s.f.DefaultMavenResourcesFiltering - skip non existing resourceDirectory D:\AViIT\Demos\Selenium_12\MyMavenProject\src\main\resources
2025-09-27 08:28:27,487 [Worker-35: Building] INFO  o.a.m.s.f.DefaultMavenResourcesFiltering - skip non existing resourceDirectory D:\AViIT\Demos\Selenium_12\MyMavenProject\src\test\resources
2025-09-27 08:32:22,798 [Worker-35: Building] INFO  o.a.m.s.f.DefaultMavenResourcesFiltering - skip non existing resourceDirectory D:\AViIT\Demos\Selenium_12\MyMavenProject\src\main\resources
2025-09-27 08:32:22,800 [Worker-35: Building] INFO  o.a.m.s.f.DefaultMavenResourcesFiltering - skip non existing resourceDirectory D:\AViIT\Demos\Selenium_12\MyMavenProject\src\test\resources
2025-09-27 08:33:38,472 [Worker-39: Building] INFO  o.a.m.s.f.DefaultMavenResourcesFiltering - skip non existing resourceDirectory D:\AViIT\Demos\Selenium_12\MyMavenProject\src\main\resources
2025-09-27 08:33:38,474 [Worker-39: Building] INFO  o.a.m.s.f.DefaultMavenResourcesFiltering - skip non existing resourceDirectory D:\AViIT\Demos\Selenium_12\MyMavenProject\src\test\resources
2025-09-27 08:34:52,560 [Worker-40: Building] INFO  o.a.m.s.f.DefaultMavenResourcesFiltering - skip non existing resourceDirectory D:\AViIT\Demos\Selenium_12\MyMavenProject\src\main\resources
2025-09-27 08:34:52,562 [Worker-40: Building] INFO  o.a.m.s.f.DefaultMavenResourcesFiltering - skip non existing resourceDirectory D:\AViIT\Demos\Selenium_12\MyMavenProject\src\test\resources
2025-09-27 08:36:08,015 [Worker-40: Building] INFO  o.a.m.s.f.DefaultMavenResourcesFiltering - skip non existing resourceDirectory D:\AViIT\Demos\Selenium_12\MyMavenProject\src\main\resources
2025-09-27 08:36:08,017 [Worker-40: Building] INFO  o.a.m.s.f.DefaultMavenResourcesFiltering - skip non existing resourceDirectory D:\AViIT\Demos\Selenium_12\MyMavenProject\src\test\resources
2025-09-27 08:37:23,112 [Worker-35: Building] INFO  o.a.m.s.f.DefaultMavenResourcesFiltering - skip non existing resourceDirectory D:\AViIT\Demos\Selenium_12\MyMavenProject\src\main\resources
2025-09-27 08:37:23,113 [Worker-35: Building] INFO  o.a.m.s.f.DefaultMavenResourcesFiltering - skip non existing resourceDirectory D:\AViIT\Demos\Selenium_12\MyMavenProject\src\test\resources
2025-09-27 08:38:27,508 [Worker-39: Building] INFO  o.a.m.s.f.DefaultMavenResourcesFiltering - skip non existing resourceDirectory D:\AViIT\Demos\Selenium_12\MyMavenProject\src\main\resources
2025-09-27 08:38:27,511 [Worker-39: Building] INFO  o.a.m.s.f.DefaultMavenResourcesFiltering - skip non existing resourceDirectory D:\AViIT\Demos\Selenium_12\MyMavenProject\src\test\resources
2025-09-27 08:38:42,393 [Worker-41: Building] INFO  o.a.m.s.f.DefaultMavenResourcesFiltering - skip non existing resourceDirectory D:\AViIT\Demos\Selenium_12\MyMavenProject\src\main\resources
2025-09-27 08:38:42,396 [Worker-41: Building] INFO  o.a.m.s.f.DefaultMavenResourcesFiltering - skip non existing resourceDirectory D:\AViIT\Demos\Selenium_12\MyMavenProject\src\test\resources
2025-09-27 08:45:49,423 [Worker-38: Building] INFO  o.a.m.s.f.DefaultMavenResourcesFiltering - skip non existing resourceDirectory D:\AViIT\Demos\Selenium_12\MyMavenProject\src\main\resources
2025-09-27 08:45:49,424 [Worker-38: Building] INFO  o.a.m.s.f.DefaultMavenResourcesFiltering - skip non existing resourceDirectory D:\AViIT\Demos\Selenium_12\MyMavenProject\src\test\resources
2025-09-27 08:46:00,182 [Worker-43: Building] INFO  o.a.m.s.f.DefaultMavenResourcesFiltering - skip non existing resourceDirectory D:\AViIT\Demos\Selenium_12\MyMavenProject\src\main\resources
2025-09-27 08:46:00,183 [Worker-43: Building] INFO  o.a.m.s.f.DefaultMavenResourcesFiltering - skip non existing resourceDirectory D:\AViIT\Demos\Selenium_12\MyMavenProject\src\test\resources
2025-10-03 07:24:08,962 [Worker-13: Building] INFO  o.e.m.c.i.l.LifecycleMappingFactory - Using org.eclipse.m2e.jdt.JarLifecycleMapping lifecycle mapping for MavenProject: MyMavenProject:MyMavenProject:0.0.1-SNAPSHOT @ D:\AViIT\Demos\Selenium_12\MyMavenProject\pom.xml.
2025-10-03 07:24:11,698 [Worker-13: Building] INFO  o.a.m.s.f.DefaultMavenResourcesFiltering - skip non existing resourceDirectory D:\AViIT\Demos\Selenium_12\MyMavenProject\src\main\resources
2025-10-03 07:24:11,703 [Worker-13: Building] INFO  o.a.m.s.f.DefaultMavenResourcesFiltering - skip non existing resourceDirectory D:\AViIT\Demos\Selenium_12\MyMavenProject\src\test\resources
2025-10-03 07:24:13,689 [Worker-14: Building] INFO  o.a.m.s.f.DefaultMavenResourcesFiltering - skip non existing resourceDirectory D:\AViIT\Demos\Selenium_12\MyMavenProject\src\main\resources
2025-10-03 07:24:13,691 [Worker-14: Building] INFO  o.a.m.s.f.DefaultMavenResourcesFiltering - skip non existing resourceDirectory D:\AViIT\Demos\Selenium_12\MyMavenProject\src\test\resources
2025-10-03 07:24:40,399 [Worker-12: Loading available Gradle versions] INFO  o.e.b.c.i.u.g.PublishedGradleVersions - Gradle version information cache is out-of-date. Trying to update.
2025-10-03 07:27:05,715 [Worker-14: Building] INFO  o.a.m.s.f.DefaultMavenResourcesFiltering - skip non existing resourceDirectory D:\AViIT\Demos\Selenium_12\MyMavenProject\src\main\resources
2025-10-03 07:27:05,721 [Worker-14: Building] INFO  o.a.m.s.f.DefaultMavenResourcesFiltering - skip non existing resourceDirectory D:\AViIT\Demos\Selenium_12\MyMavenProject\src\test\resources
2025-10-03 07:27:10,091 [Worker-2: Building] INFO  o.a.m.s.f.DefaultMavenResourcesFiltering - skip non existing resourceDirectory D:\AViIT\Demos\Selenium_12\MyMavenProject\src\main\resources
2025-10-03 07:27:10,093 [Worker-2: Building] INFO  o.a.m.s.f.DefaultMavenResourcesFiltering - skip non existing resourceDirectory D:\AViIT\Demos\Selenium_12\MyMavenProject\src\test\resources
2025-10-03 07:28:06,409 [Worker-14: Building] INFO  o.a.m.s.f.DefaultMavenResourcesFiltering - skip non existing resourceDirectory D:\AViIT\Demos\Selenium_12\MyMavenProject\src\main\resources
2025-10-03 07:28:06,410 [Worker-14: Building] INFO  o.a.m.s.f.DefaultMavenResourcesFiltering - skip non existing resourceDirectory D:\AViIT\Demos\Selenium_12\MyMavenProject\src\test\resources
2025-10-03 07:28:30,940 [Worker-15: Building] INFO  o.a.m.s.f.DefaultMavenResourcesFiltering - skip non existing resourceDirectory D:\AViIT\Demos\Selenium_12\MyMavenProject\src\main\resources
2025-10-03 07:28:30,943 [Worker-15: Building] INFO  o.a.m.s.f.DefaultMavenResourcesFiltering - skip non existing resourceDirectory D:\AViIT\Demos\Selenium_12\MyMavenProject\src\test\resources
2025-10-03 07:29:39,331 [Worker-14: Building] INFO  o.a.m.s.f.DefaultMavenResourcesFiltering - skip non existing resourceDirectory D:\AViIT\Demos\Selenium_12\MyMavenProject\src\main\resources
2025-10-03 07:29:39,333 [Worker-14: Building] INFO  o.a.m.s.f.DefaultMavenResourcesFiltering - skip non existing resourceDirectory D:\AViIT\Demos\Selenium_12\MyMavenProject\src\test\resources
2025-10-03 07:29:52,205 [Worker-2: Building] INFO  o.a.m.s.f.DefaultMavenResourcesFiltering - skip non existing resourceDirectory D:\AViIT\Demos\Selenium_12\MyMavenProject\src\main\resources
2025-10-03 07:29:52,208 [Worker-2: Building] INFO  o.a.m.s.f.DefaultMavenResourcesFiltering - skip non existing resourceDirectory D:\AViIT\Demos\Selenium_12\MyMavenProject\src\test\resources
2025-10-03 07:30:18,970 [Worker-2: Building] INFO  o.a.m.s.f.DefaultMavenResourcesFiltering - skip non existing resourceDirectory D:\AViIT\Demos\Selenium_12\MyMavenProject\src\main\resources
2025-10-03 07:30:18,972 [Worker-2: Building] INFO  o.a.m.s.f.DefaultMavenResourcesFiltering - skip non existing resourceDirectory D:\AViIT\Demos\Selenium_12\MyMavenProject\src\test\resources
2025-10-03 07:34:15,301 [Worker-14: Building] INFO  o.a.m.s.f.DefaultMavenResourcesFiltering - skip non existing resourceDirectory D:\AViIT\Demos\Selenium_12\MyMavenProject\src\main\resources
2025-10-03 07:34:15,302 [Worker-14: Building] INFO  o.a.m.s.f.DefaultMavenResourcesFiltering - skip non existing resourceDirectory D:\AViIT\Demos\Selenium_12\MyMavenProject\src\test\resources
2025-10-03 07:34:20,303 [Worker-15: Building] INFO  o.a.m.s.f.DefaultMavenResourcesFiltering - skip non existing resourceDirectory D:\AViIT\Demos\Selenium_12\MyMavenProject\src\main\resources
2025-10-03 07:34:20,306 [Worker-15: Building] INFO  o.a.m.s.f.DefaultMavenResourcesFiltering - skip non existing resourceDirectory D:\AViIT\Demos\Selenium_12\MyMavenProject\src\test\resources
2025-10-03 07:36:08,318 [Worker-14: Building] INFO  o.a.m.s.f.DefaultMavenResourcesFiltering - skip non existing resourceDirectory D:\AViIT\Demos\Selenium_12\MyMavenProject\src\main\resources
2025-10-03 07:36:08,320 [Worker-14: Building] INFO  o.a.m.s.f.DefaultMavenResourcesFiltering - skip non existing resourceDirectory D:\AViIT\Demos\Selenium_12\MyMavenProject\src\test\resources
2025-10-03 07:37:39,545 [Worker-2: Building] INFO  o.a.m.s.f.DefaultMavenResourcesFiltering - skip non existing resourceDirectory D:\AViIT\Demos\Selenium_12\MyMavenProject\src\main\resources
2025-10-03 07:37:39,548 [Worker-2: Building] INFO  o.a.m.s.f.DefaultMavenResourcesFiltering - skip non existing resourceDirectory D:\AViIT\Demos\Selenium_12\MyMavenProject\src\test\resources
2025-10-03 07:38:16,868 [Worker-15: Building] INFO  o.a.m.s.f.DefaultMavenResourcesFiltering - skip non existing resourceDirectory D:\AViIT\Demos\Selenium_12\MyMavenProject\src\main\resources
2025-10-03 07:38:16,871 [Worker-15: Building] INFO  o.a.m.s.f.DefaultMavenResourcesFiltering - skip non existing resourceDirectory D:\AViIT\Demos\Selenium_12\MyMavenProject\src\test\resources
2025-10-03 07:39:03,352 [Worker-16: Building] INFO  o.a.m.s.f.DefaultMavenResourcesFiltering - skip non existing resourceDirectory D:\AViIT\Demos\Selenium_12\MyMavenProject\src\main\resources
2025-10-03 07:39:03,353 [Worker-16: Building] INFO  o.a.m.s.f.DefaultMavenResourcesFiltering - skip non existing resourceDirectory D:\AViIT\Demos\Selenium_12\MyMavenProject\src\test\resources
2025-10-03 07:39:05,657 [Worker-15: Building] INFO  o.a.m.s.f.DefaultMavenResourcesFiltering - skip non existing resourceDirectory D:\AViIT\Demos\Selenium_12\MyMavenProject\src\main\resources
2025-10-03 07:39:05,660 [Worker-15: Building] INFO  o.a.m.s.f.DefaultMavenResourcesFiltering - skip non existing resourceDirectory D:\AViIT\Demos\Selenium_12\MyMavenProject\src\test\resources
2025-10-03 07:41:07,277 [Worker-16: Building] INFO  o.a.m.s.f.DefaultMavenResourcesFiltering - skip non existing resourceDirectory D:\AViIT\Demos\Selenium_12\MyMavenProject\src\main\resources
2025-10-03 07:41:07,279 [Worker-16: Building] INFO  o.a.m.s.f.DefaultMavenResourcesFiltering - skip non existing resourceDirectory D:\AViIT\Demos\Selenium_12\MyMavenProject\src\test\resources
2025-10-03 07:41:16,888 [Worker-14: Building] INFO  o.a.m.s.f.DefaultMavenResourcesFiltering - skip non existing resourceDirectory D:\AViIT\Demos\Selenium_12\MyMavenProject\src\main\resources
2025-10-03 07:41:16,890 [Worker-14: Building] INFO  o.a.m.s.f.DefaultMavenResourcesFiltering - skip non existing resourceDirectory D:\AViIT\Demos\Selenium_12\MyMavenProject\src\test\resources
2025-10-03 07:41:34,442 [Worker-19: Building] INFO  o.a.m.s.f.DefaultMavenResourcesFiltering - skip non existing resourceDirectory D:\AViIT\Demos\Selenium_12\MyMavenProject\src\main\resources
2025-10-03 07:41:34,444 [Worker-19: Building] INFO  o.a.m.s.f.DefaultMavenResourcesFiltering - skip non existing resourceDirectory D:\AViIT\Demos\Selenium_12\MyMavenProject\src\test\resources
2025-10-03 07:44:24,465 [Worker-17: Building] INFO  o.a.m.s.f.DefaultMavenResourcesFiltering - skip non existing resourceDirectory D:\AViIT\Demos\Selenium_12\MyMavenProject\src\main\resources
2025-10-03 07:44:24,468 [Worker-17: Building] INFO  o.a.m.s.f.DefaultMavenResourcesFiltering - skip non existing resourceDirectory D:\AViIT\Demos\Selenium_12\MyMavenProject\src\test\resources
2025-10-03 07:45:38,822 [Worker-17: Building] INFO  o.a.m.s.f.DefaultMavenResourcesFiltering - skip non existing resourceDirectory D:\AViIT\Demos\Selenium_12\MyMavenProject\src\main\resources
2025-10-03 07:45:38,824 [Worker-17: Building] INFO  o.a.m.s.f.DefaultMavenResourcesFiltering - skip non existing resourceDirectory D:\AViIT\Demos\Selenium_12\MyMavenProject\src\test\resources
2025-10-03 07:45:39,913 [Worker-14: Building] INFO  o.a.m.s.f.DefaultMavenResourcesFiltering - skip non existing resourceDirectory D:\AViIT\Demos\Selenium_12\MyMavenProject\src\main\resources
2025-10-03 07:45:39,914 [Worker-14: Building] INFO  o.a.m.s.f.DefaultMavenResourcesFiltering - skip non existing resourceDirectory D:\AViIT\Demos\Selenium_12\MyMavenProject\src\test\resources
